[www.seafoodexpress.in/index.html]
[backblue.gif]
[fade.gif]
[index.html]
[www.seafoodexpress.in/js/jquery.js]
[www.seafoodexpress.in/black_tiger_shrimps.html]
[www.seafoodexpress.in/vannamei_shrimps.html]
[www.seafoodexpress.in/scampi.html]
[www.seafoodexpress.in/pangasius.html]
[www.seafoodexpress.in/crustaceans.html]
[www.seafoodexpress.in/cephalopods.html]
[www.seafoodexpress.in/molluscs.html]
[www.seafoodexpress.in/surimi.html]
[www.seafoodexpress.in/js/easySlider1.7.js]
[www.seafoodexpress.in/css/screen.css]
[www.seafoodexpress.in/fishes.html]
[www.seafoodexpress.in/mm_menu.js]
[www.seafoodexpress.in/images/bg.jpg]
[www.seafoodexpress.in/images/main_01.jpg]
[www.seafoodexpress.in/images/main_02.jpg]
[www.seafoodexpress.in/images/top1.jpg]
[www.seafoodexpress.in/images/top.jpg]
[www.seafoodexpress.in/images/main_04.jpg]
[www.seafoodexpress.in/images/main_05.jpg]
[www.seafoodexpress.in/images/main_06.jpg]
[www.seafoodexpress.in/images/main_07.jpg]
[www.seafoodexpress.in/images/main_08.jpg]
[www.seafoodexpress.in/images/header_bg.jpg]
[www.seafoodexpress.in/images/1.jpg]
[www.seafoodexpress.in/images/2.jpg]
[www.seafoodexpress.in/images/3.jpg]
[www.seafoodexpress.in/images/4.jpg]
[www.seafoodexpress.in/images/5.jpg]
[www.seafoodexpress.in/images/wel.png]
[www.seafoodexpress.in/images/white_01.png]
[www.seafoodexpress.in/images/services.png]
[www.seafoodexpress.in/images/bullet.gif]
[www.seafoodexpress.in/services.html]
[www.seafoodexpress.in/images/more.jpg]
[www.seafoodexpress.in/images/offer.gif]
[www.seafoodexpress.in/images/main_12.jpg]
[www.seafoodexpress.in/images/product_bg.png]
[www.seafoodexpress.in/images/black_tiger_shrimps.png]
[www.seafoodexpress.in/images/line1.jpg]
[www.seafoodexpress.in/images/vannamei_shrimps.png]
[www.seafoodexpress.in/images/scampi.png]
[www.seafoodexpress.in/images/pangasius.png]
[www.seafoodexpress.in/images/crustaceans.png]
[www.seafoodexpress.in/images/fishes.png]
[www.seafoodexpress.in/images/cephalopods.png]
[www.seafoodexpress.in/images/molluscs.png]
[www.seafoodexpress.in/images/surimi.png]
[www.seafoodexpress.in/contactus.html]
[www.seafoodexpress.in/offers.html]
[www.seafoodexpress.in/index.html]
[www.seafoodexpress.in/images/line_v.png]
[www.seafoodexpress.in/images/left_menu.png]
[www.seafoodexpress.in/images/products_bg1.png]
[www.seafoodexpress.in/images/products_middle.png]
[www.seafoodexpress.in/images/black_tiger_shrimps1.jpg]
[www.seafoodexpress.in/images/product_bottom.png]
[www.seafoodexpress.in/black_tiger_shrimps.html]
[www.seafoodexpress.in/images/vannamei_shrimps.jpg]
[www.seafoodexpress.in/vannamei_shrimps.html]
[www.seafoodexpress.in/images/scampi.jpg]
[www.seafoodexpress.in/scampi.html]
[www.seafoodexpress.in/images/pangasius_hypothalamus.png]
[www.seafoodexpress.in/images/pangasius_hgt.png]
[www.seafoodexpress.in/images/pangasius_sliced.png]
[www.seafoodexpress.in/images/pangasius_trimmed.png]
[www.seafoodexpress.in/images/pangasius_untrimmed.png]
[www.seafoodexpress.in/images/pangaius_blockfrozen.jpg]
[www.seafoodexpress.in/images/pangasius_fillet_skewer.jpg]
[www.seafoodexpress.in/images/pangasius_fillet_breaded.jpg]
[www.seafoodexpress.in/pangasius.html]
[www.seafoodexpress.in/images/brown_shrimp.jpg]
[www.seafoodexpress.in/images/deep_sea_shrimp.jpg]
[www.seafoodexpress.in/images/flower_shrimp.jpg]
[www.seafoodexpress.in/images/karikkadi_shrimp.jpg]
[www.seafoodexpress.in/images/choodan_shrimp.jpg]
[www.seafoodexpress.in/images/poovalan_shrimp.jpg]
[www.seafoodexpress.in/images/white_shrimp.jpg]
[www.seafoodexpress.in/images/spiny_lobster.jpg]
[www.seafoodexpress.in/images/cooked_spiny_lobster.jpg]
[www.seafoodexpress.in/images/green_mud_crab.jpg]
[www.seafoodexpress.in/images/sea_crab.jpg]
[www.seafoodexpress.in/crustaceans.html]
[www.seafoodexpress.in/images/catla.png]
[www.seafoodexpress.in/images/pearl_spot_fish.jpg]
[www.seafoodexpress.in/images/rohu.jpg]
[www.seafoodexpress.in/images/tilapia.jpg]
[www.seafoodexpress.in/images/tilapia_fillet.jpg]
[www.seafoodexpress.in/images/silver_pomfret.jpg]
[www.seafoodexpress.in/images/black_pomfret.jpg]
[www.seafoodexpress.in/images/chinese_pomfret.jpg]
[www.seafoodexpress.in/images/ribbonfish.jpg]
[www.seafoodexpress.in/images/croaker_fish.jpg]
[www.seafoodexpress.in/images/croaker_silver_fish.jpg]
[www.seafoodexpress.in/images/indian_mackerel.jpg]
[www.seafoodexpress.in/images/horse_mackerel.jpg]
[www.seafoodexpress.in/images/seerfish.jpg]
[www.seafoodexpress.in/images/kingfish.jpg]
[www.seafoodexpress.in/images/tuna_bonito.jpg]
[www.seafoodexpress.in/images/tuna_yellow_fish.jpg]
[www.seafoodexpress.in/images/skipjack_fish.jpg]
[www.seafoodexpress.in/images/tuna_long_tail_fish.jpg]
[www.seafoodexpress.in/images/baracuda.jpg]
[www.seafoodexpress.in/images/reefcod_fish.jpg]
[www.seafoodexpress.in/images/red_snapper.jpg]
[www.seafoodexpress.in/images/leather_jacket.jpg]
[www.seafoodexpress.in/images/indian_oil_fish.jpg]
[www.seafoodexpress.in/images/mahi_fish.jpg]
[www.seafoodexpress.in/fishes.html]
[www.seafoodexpress.in/images/cuttle_fish.jpg]
[www.seafoodexpress.in/images/squid.jpg]
[www.seafoodexpress.in/images/octopus.jpg]
[www.seafoodexpress.in/cephalopods.html]
[www.seafoodexpress.in/images/molluscs.jpg]
[www.seafoodexpress.in/molluscs.html]
[www.seafoodexpress.in/images/surimi.jpg]
[www.seafoodexpress.in/surimi.html]
[www.seafoodexpress.in/images/btn_prev.gif]
[www.seafoodexpress.in/images/btn_next.gif]
[www.seafoodexpress.in/css/screen.css]
[www.seafoodexpress.in/images/our_services.png]
[www.seafoodexpress.in/services.html]
[www.seafoodexpress.in/images/contact_us.png]
[www.seafoodexpress.in/images/mobile.png]
[www.seafoodexpress.in/images/office.png]
[www.seafoodexpress.in/images/viber.png]
[www.seafoodexpress.in/images/feedback_form.png]
[www.seafoodexpress.in/contactus.html]
[www.seafoodexpress.in/images/offers.png]
[www.seafoodexpress.in/offers.html]
